// Jest Snapshot v1, https://goo.gl/fbAQLP

exports[`it renders accepted, rejected, disabled tags, and delete buttons 1`] = `
<div>
  <ul
    className="form-actions -inline"
    style={
      Object {
        "marginTop": 0,
      }
    }
  >
    <li>
      <StatusButton
        label="accept"
        setStatus={[Function]}
        status="pending"
        type="accepted"
      />
    </li>
    <li>
      <StatusButton
        label="reject"
        setStatus={[Function]}
        status="pending"
        type="rejected"
      />
    </li>
  </ul>
  <ul
    className="form-actions -inline"
  >
    <li>
      <button
        className="button delete -tertiary"
        onClick={[Function]}
      >
        Delete
      </button>
    </li>
  </ul>
  <Tags
    disabled={true}
    id={1}
    onTag={[Function]}
    tagged={Array []}
  />
</div>
`;
